RAM Allocation [bytes]
Variable                                                                          Address   Size
------------------------------------------------------------------------------------------------
_base_y (alcd.lib)                                                                0x0167       4
_lcd_maxx                                                                         0x016B       1

EEPROM Allocation [bytes]
Variable                                                                          Address   Size
------------------------------------------------------------------------------------------------

Register Allocation
Variable                                                                          Register  Size
------------------------------------------------------------------------------------------------
cnt                                                                               R4,R5        2
y                                                                                 R6,R7        2
i                                                                                 R8,R9        2
cpy                                                                               R10,R11      2
_lcd_x                                                                            R13          1
_lcd_y                                                                            R12          1

FLASH Allocation [words]
Function                                                                          Address   Size
------------------------------------------------------------------------------------------------
main                                                                              0x00074     96
keypad                                                                            0x000D4     94
_lcd_write_nibble_G100                                                            0x00132     21
_lcd_write_data                                                                   0x00147     13
lcd_gotoxy                                                                        0x00154     18
lcd_clear                                                                         0x00166     10
lcd_putchar                                                                       0x00170     22
lcd_puts                                                                          0x00186     15
lcd_init                                                                          0x00195     44
_print_G101                                                                       0x001C1    296
put_lcd_G101                                                                      0x002E9     14
lcd_printf                                                                        0x002F7     39
strlen                                                                            0x0031E     12
strlenf                                                                           0x0032A     13
